开始上传剩余文件到 211.154.19.189...
?Invalid command.
Can't open that file: No such file or directory
?Invalid command.
Can't open that file: No such file or directory
Can't open that file: No such file or directory
Can't open that file: No such file or directory
Can't open that file: No such file or directory
Can't open that file: No such file or directory
?Invalid command.
Can't open that file: No such file or directory
Can't open that file: No such file or directory
Can't open that file: No such file or directory
?Invalid command.
Can't open that file: No such file or directory
Can't open that file: No such file or directory
Can't open that file: No such file or directory
Can't open that file: No such file or directory
Can't open that file: No such file or directory
?Invalid command.
Remote directory: /
output to local-file: config [anpqy?]? ftp: Can't open `config': 是一个目录
Not connected.
Not connected.
